// Jest Snapshot v1, https://goo.gl/fbAQLP

exports[`renders FocusableTextInput 1`] = `
<TextInput
  onBlur={[Function]}
  onFocus={[Function]}
  style={
    [
      {
        "borderRadius": 4,
        "borderWidth": 1,
        "paddingHorizontal": 10,
        "paddingVertical": 5,
      },
      {
        "borderColor": "gray",
      },
      undefined,
    ]
  }
/>
`;
